[0.015s][info][gc,heap] Heap region size: 1M
[0.020s][info][gc     ] Using G1
[0.020s][info][gc,heap,coops] Heap address: 0x0000000081600000, size: 2026 MB, Compressed Oops mode: 32-bit
[0.186s][info][gc,start     ] GC(0) Pause Young (G1 Evacuation Pause)
[0.186s][info][gc,task      ] GC(0) Using 4 workers of 4 for evacuation
[0.188s][info][gc,phases    ] GC(0)   Pre Evacuate Collection Set: 0.0ms
[0.188s][info][gc,phases    ] GC(0)   Evacuate Collection Set: 1.8ms
[0.188s][info][gc,phases    ] GC(0)   Post Evacuate Collection Set: 0.1ms
[0.188s][info][gc,phases    ] GC(0)   Other: 0.2ms
[0.188s][info][gc,heap      ] GC(0) Eden regions: 14->0(75)
[0.188s][info][gc,heap      ] GC(0) Survivor regions: 0->1(2)
[0.188s][info][gc,heap      ] GC(0) Old regions: 0->0
[0.191s][info][gc,heap      ] GC(0) Humongous regions: 0->0
[0.191s][info][gc,metaspace ] GC(0) Metaspace: 4513K->4513K(1056768K)
[0.191s][info][gc           ] GC(0) Pause Young (G1 Evacuation Pause) 14M->0M(128M) 4.928ms
[0.191s][info][gc,cpu       ] GC(0) User=0.02s Sys=0.00s Real=0.00s
[0.276s][info][gc,start     ] GC(1) Pause Young (G1 Evacuation Pause)
[0.276s][info][gc,task      ] GC(1) Using 4 workers of 4 for evacuation
[0.278s][info][gc,phases    ] GC(1)   Pre Evacuate Collection Set: 0.0ms
[0.278s][info][gc,phases    ] GC(1)   Evacuate Collection Set: 1.7ms
[0.278s][info][gc,phases    ] GC(1)   Post Evacuate Collection Set: 0.1ms
[0.278s][info][gc,phases    ] GC(1)   Other: 0.2ms
[0.278s][info][gc,heap      ] GC(1) Eden regions: 75->0(75)
[0.278s][info][gc,heap      ] GC(1) Survivor regions: 1->1(10)
[0.278s][info][gc,heap      ] GC(1) Old regions: 0->0
[0.278s][info][gc,heap      ] GC(1) Humongous regions: 0->0
[0.278s][info][gc,metaspace ] GC(1) Metaspace: 4540K->4540K(1056768K)
[0.278s][info][gc           ] GC(1) Pause Young (G1 Evacuation Pause) 75M->0M(128M) 2.122ms
[0.278s][info][gc,cpu       ] GC(1) User=0.00s Sys=0.00s Real=0.00s
[0.328s][info][gc,start     ] GC(2) Pause Young (G1 Evacuation Pause)
[0.328s][info][gc,task      ] GC(2) Using 4 workers of 4 for evacuation
[0.330s][info][gc,phases    ] GC(2)   Pre Evacuate Collection Set: 0.0ms
[0.330s][info][gc,phases    ] GC(2)   Evacuate Collection Set: 1.5ms
[0.330s][info][gc,phases    ] GC(2)   Post Evacuate Collection Set: 0.1ms
[0.330s][info][gc,phases    ] GC(2)   Other: 0.1ms
[0.330s][info][gc,heap      ] GC(2) Eden regions: 75->0(75)
[0.330s][info][gc,heap      ] GC(2) Survivor regions: 1->1(10)
[0.330s][info][gc,heap      ] GC(2) Old regions: 0->0
[0.330s][info][gc,heap      ] GC(2) Humongous regions: 0->0
[0.330s][info][gc,metaspace ] GC(2) Metaspace: 4540K->4540K(1056768K)
[0.330s][info][gc           ] GC(2) Pause Young (G1 Evacuation Pause) 75M->0M(128M) 1.928ms
[0.330s][info][gc,cpu       ] GC(2) User=0.06s Sys=0.00s Real=0.00s
[0.404s][info][gc,start     ] GC(3) Pause Young (G1 Evacuation Pause)
[0.404s][info][gc,task      ] GC(3) Using 4 workers of 4 for evacuation
[0.406s][info][gc,phases    ] GC(3)   Pre Evacuate Collection Set: 0.0ms
[0.406s][info][gc,phases    ] GC(3)   Evacuate Collection Set: 1.9ms
[0.406s][info][gc,phases    ] GC(3)   Post Evacuate Collection Set: 0.1ms
[0.406s][info][gc,phases    ] GC(3)   Other: 0.2ms
[0.406s][info][gc,heap      ] GC(3) Eden regions: 75->0(75)
[0.406s][info][gc,heap      ] GC(3) Survivor regions: 1->1(10)
[0.406s][info][gc,heap      ] GC(3) Old regions: 0->0
[0.406s][info][gc,heap      ] GC(3) Humongous regions: 0->0
[0.406s][info][gc,metaspace ] GC(3) Metaspace: 4540K->4540K(1056768K)
[0.406s][info][gc           ] GC(3) Pause Young (G1 Evacuation Pause) 75M->0M(128M) 2.386ms
[0.406s][info][gc,cpu       ] GC(3) User=0.00s Sys=0.00s Real=0.00s
[0.494s][info][gc,start     ] GC(4) Pause Young (G1 Evacuation Pause)
[0.494s][info][gc,task      ] GC(4) Using 4 workers of 4 for evacuation
[0.497s][info][gc,phases    ] GC(4)   Pre Evacuate Collection Set: 0.0ms
[0.497s][info][gc,phases    ] GC(4)   Evacuate Collection Set: 1.5ms
[0.497s][info][gc,phases    ] GC(4)   Post Evacuate Collection Set: 1.0ms
[0.497s][info][gc,phases    ] GC(4)   Other: 0.2ms
[0.497s][info][gc,heap      ] GC(4) Eden regions: 75->0(91)
[0.497s][info][gc,heap      ] GC(4) Survivor regions: 1->1(10)
[0.497s][info][gc,heap      ] GC(4) Old regions: 0->0
[0.497s][info][gc,heap      ] GC(4) Humongous regions: 0->0
[0.497s][info][gc,metaspace ] GC(4) Metaspace: 4540K->4540K(1056768K)
[0.497s][info][gc           ] GC(4) Pause Young (G1 Evacuation Pause) 75M->0M(154M) 2.928ms
[0.497s][info][gc,cpu       ] GC(4) User=0.00s Sys=0.00s Real=0.00s
[0.663s][info][gc,start     ] GC(5) Pause Young (G1 Evacuation Pause)
[0.663s][info][gc,task      ] GC(5) Using 4 workers of 4 for evacuation
[0.665s][info][gc,phases    ] GC(5)   Pre Evacuate Collection Set: 0.0ms
[0.665s][info][gc,phases    ] GC(5)   Evacuate Collection Set: 1.5ms
[0.665s][info][gc,phases    ] GC(5)   Post Evacuate Collection Set: 0.1ms
[0.665s][info][gc,phases    ] GC(5)   Other: 0.2ms
[0.665s][info][gc,heap      ] GC(5) Eden regions: 91->0(91)
[0.665s][info][gc,heap      ] GC(5) Survivor regions: 1->1(12)
[0.665s][info][gc,heap      ] GC(5) Old regions: 0->0
[0.665s][info][gc,heap      ] GC(5) Humongous regions: 0->0
[0.665s][info][gc,metaspace ] GC(5) Metaspace: 4540K->4540K(1056768K)
[0.665s][info][gc           ] GC(5) Pause Young (G1 Evacuation Pause) 91M->0M(154M) 2.000ms
[0.665s][info][gc,cpu       ] GC(5) User=0.00s Sys=0.00s Real=0.00s
[0.747s][info][gc,start     ] GC(6) Pause Young (G1 Evacuation Pause)
[0.747s][info][gc,task      ] GC(6) Using 4 workers of 4 for evacuation
[0.750s][info][gc,phases    ] GC(6)   Pre Evacuate Collection Set: 0.0ms
[0.750s][info][gc,phases    ] GC(6)   Evacuate Collection Set: 1.7ms
[0.750s][info][gc,phases    ] GC(6)   Post Evacuate Collection Set: 0.2ms
[0.750s][info][gc,phases    ] GC(6)   Other: 0.3ms
[0.750s][info][gc,heap      ] GC(6) Eden regions: 91->0(91)
[0.750s][info][gc,heap      ] GC(6) Survivor regions: 1->1(12)
[0.750s][info][gc,heap      ] GC(6) Old regions: 0->0
[0.750s][info][gc,heap      ] GC(6) Humongous regions: 0->0
[0.750s][info][gc,metaspace ] GC(6) Metaspace: 4540K->4540K(1056768K)
[0.750s][info][gc           ] GC(6) Pause Young (G1 Evacuation Pause) 91M->0M(154M) 2.631ms
[0.750s][info][gc,cpu       ] GC(6) User=0.00s Sys=0.00s Real=0.00s
[0.806s][info][gc,start     ] GC(7) Pause Young (G1 Evacuation Pause)
[0.806s][info][gc,task      ] GC(7) Using 4 workers of 4 for evacuation
[0.808s][info][gc,phases    ] GC(7)   Pre Evacuate Collection Set: 0.0ms
[0.808s][info][gc,phases    ] GC(7)   Evacuate Collection Set: 1.5ms
[0.808s][info][gc,phases    ] GC(7)   Post Evacuate Collection Set: 0.1ms
[0.808s][info][gc,phases    ] GC(7)   Other: 0.2ms
[0.808s][info][gc,heap      ] GC(7) Eden regions: 91->0(91)
[0.808s][info][gc,heap      ] GC(7) Survivor regions: 1->1(12)
[0.808s][info][gc,heap      ] GC(7) Old regions: 0->0
[0.808s][info][gc,heap      ] GC(7) Humongous regions: 0->0
[0.808s][info][gc,metaspace ] GC(7) Metaspace: 4540K->4540K(1056768K)
[0.808s][info][gc           ] GC(7) Pause Young (G1 Evacuation Pause) 91M->0M(154M) 1.963ms
[0.808s][info][gc,cpu       ] GC(7) User=0.00s Sys=0.00s Real=0.00s
[0.863s][info][gc,start     ] GC(8) Pause Young (G1 Evacuation Pause)
[0.863s][info][gc,task      ] GC(8) Using 4 workers of 4 for evacuation
[0.866s][info][gc,phases    ] GC(8)   Pre Evacuate Collection Set: 0.0ms
[0.867s][info][gc,phases    ] GC(8)   Evacuate Collection Set: 2.0ms
[0.867s][info][gc,phases    ] GC(8)   Post Evacuate Collection Set: 1.3ms
[0.867s][info][gc,phases    ] GC(8)   Other: 0.3ms
[0.867s][info][gc,heap      ] GC(8) Eden regions: 91->0(110)
[0.867s][info][gc,heap      ] GC(8) Survivor regions: 1->1(12)
[0.867s][info][gc,heap      ] GC(8) Old regions: 0->0
[0.867s][info][gc,heap      ] GC(8) Humongous regions: 0->0
[0.867s][info][gc,metaspace ] GC(8) Metaspace: 4540K->4540K(1056768K)
[0.867s][info][gc           ] GC(8) Pause Young (G1 Evacuation Pause) 91M->0M(185M) 3.802ms
[0.867s][info][gc,cpu       ] GC(8) User=0.00s Sys=0.00s Real=0.00s
[0.942s][info][gc,start     ] GC(9) Pause Young (G1 Evacuation Pause)
[0.943s][info][gc,task      ] GC(9) Using 4 workers of 4 for evacuation
[0.944s][info][gc,phases    ] GC(9)   Pre Evacuate Collection Set: 0.0ms
[0.944s][info][gc,phases    ] GC(9)   Evacuate Collection Set: 1.5ms
[0.944s][info][gc,phases    ] GC(9)   Post Evacuate Collection Set: 0.1ms
[0.944s][info][gc,phases    ] GC(9)   Other: 0.2ms
[0.944s][info][gc,heap      ] GC(9) Eden regions: 110->0(110)
[0.944s][info][gc,heap      ] GC(9) Survivor regions: 1->1(14)
[0.944s][info][gc,heap      ] GC(9) Old regions: 0->0
[0.944s][info][gc,heap      ] GC(9) Humongous regions: 0->0
[0.944s][info][gc,metaspace ] GC(9) Metaspace: 4540K->4540K(1056768K)
[0.944s][info][gc           ] GC(9) Pause Young (G1 Evacuation Pause) 110M->0M(185M) 1.983ms
[0.944s][info][gc,cpu       ] GC(9) User=0.00s Sys=0.00s Real=0.00s
[1.015s][info][gc,start     ] GC(10) Pause Young (G1 Evacuation Pause)
[1.015s][info][gc,task      ] GC(10) Using 4 workers of 4 for evacuation
[1.017s][info][gc,phases    ] GC(10)   Pre Evacuate Collection Set: 0.0ms
[1.017s][info][gc,phases    ] GC(10)   Evacuate Collection Set: 1.9ms
[1.017s][info][gc,phases    ] GC(10)   Post Evacuate Collection Set: 0.2ms
[1.017s][info][gc,phases    ] GC(10)   Other: 0.2ms
[1.017s][info][gc,heap      ] GC(10) Eden regions: 110->0(110)
[1.017s][info][gc,heap      ] GC(10) Survivor regions: 1->1(14)
[1.017s][info][gc,heap      ] GC(10) Old regions: 0->0
[1.017s][info][gc,heap      ] GC(10) Humongous regions: 0->0
[1.017s][info][gc,metaspace ] GC(10) Metaspace: 4540K->4540K(1056768K)
[1.018s][info][gc           ] GC(10) Pause Young (G1 Evacuation Pause) 110M->0M(185M) 2.851ms
[1.018s][info][gc,cpu       ] GC(10) User=0.02s Sys=0.00s Real=0.00s
[1.084s][info][gc,start     ] GC(11) Pause Young (G1 Evacuation Pause)
[1.085s][info][gc,task      ] GC(11) Using 4 workers of 4 for evacuation
[1.086s][info][gc,phases    ] GC(11)   Pre Evacuate Collection Set: 0.0ms
[1.086s][info][gc,phases    ] GC(11)   Evacuate Collection Set: 1.6ms
[1.086s][info][gc,phases    ] GC(11)   Post Evacuate Collection Set: 0.1ms
[1.086s][info][gc,phases    ] GC(11)   Other: 0.1ms
[1.086s][info][gc,heap      ] GC(11) Eden regions: 110->0(110)
[1.086s][info][gc,heap      ] GC(11) Survivor regions: 1->1(14)
[1.086s][info][gc,heap      ] GC(11) Old regions: 0->0
[1.086s][info][gc,heap      ] GC(11) Humongous regions: 0->0
[1.086s][info][gc,metaspace ] GC(11) Metaspace: 4540K->4540K(1056768K)
[1.086s][info][gc           ] GC(11) Pause Young (G1 Evacuation Pause) 110M->0M(185M) 1.989ms
[1.086s][info][gc,cpu       ] GC(11) User=0.00s Sys=0.00s Real=0.00s
[1.152s][info][gc,start     ] GC(12) Pause Young (G1 Evacuation Pause)
[1.152s][info][gc,task      ] GC(12) Using 4 workers of 4 for evacuation
[1.155s][info][gc,phases    ] GC(12)   Pre Evacuate Collection Set: 0.0ms
[1.155s][info][gc,phases    ] GC(12)   Evacuate Collection Set: 1.6ms
[1.155s][info][gc,phases    ] GC(12)   Post Evacuate Collection Set: 1.0ms
[1.155s][info][gc,phases    ] GC(12)   Other: 0.2ms
[1.155s][info][gc,heap      ] GC(12) Eden regions: 110->0(132)
[1.155s][info][gc,heap      ] GC(12) Survivor regions: 1->1(14)
[1.155s][info][gc,heap      ] GC(12) Old regions: 0->0
[1.155s][info][gc,heap      ] GC(12) Humongous regions: 0->0
[1.155s][info][gc,metaspace ] GC(12) Metaspace: 4540K->4540K(1056768K)
[1.155s][info][gc           ] GC(12) Pause Young (G1 Evacuation Pause) 110M->0M(222M) 2.850ms
[1.155s][info][gc,cpu       ] GC(12) User=0.00s Sys=0.00s Real=0.00s
[1.252s][info][gc,start     ] GC(13) Pause Young (G1 Evacuation Pause)
[1.252s][info][gc,task      ] GC(13) Using 4 workers of 4 for evacuation
[1.254s][info][gc,phases    ] GC(13)   Pre Evacuate Collection Set: 0.0ms
[1.254s][info][gc,phases    ] GC(13)   Evacuate Collection Set: 1.9ms
[1.254s][info][gc,phases    ] GC(13)   Post Evacuate Collection Set: 0.2ms
[1.254s][info][gc,phases    ] GC(13)   Other: 0.2ms
[1.254s][info][gc,heap      ] GC(13) Eden regions: 132->0(132)
[1.254s][info][gc,heap      ] GC(13) Survivor regions: 1->1(17)
[1.254s][info][gc,heap      ] GC(13) Old regions: 0->0
[1.254s][info][gc,heap      ] GC(13) Humongous regions: 0->0
[1.254s][info][gc,metaspace ] GC(13) Metaspace: 4540K->4540K(1056768K)
[1.254s][info][gc           ] GC(13) Pause Young (G1 Evacuation Pause) 132M->0M(222M) 2.419ms
[1.254s][info][gc,cpu       ] GC(13) User=0.00s Sys=0.00s Real=0.00s
[1.338s][info][gc,start     ] GC(14) Pause Young (G1 Evacuation Pause)
[1.338s][info][gc,task      ] GC(14) Using 4 workers of 4 for evacuation
[1.340s][info][gc,phases    ] GC(14)   Pre Evacuate Collection Set: 0.0ms
[1.340s][info][gc,phases    ] GC(14)   Evacuate Collection Set: 1.6ms
[1.340s][info][gc,phases    ] GC(14)   Post Evacuate Collection Set: 0.1ms
[1.340s][info][gc,phases    ] GC(14)   Other: 0.2ms
[1.340s][info][gc,heap      ] GC(14) Eden regions: 132->0(132)
[1.340s][info][gc,heap      ] GC(14) Survivor regions: 1->1(17)
[1.340s][info][gc,heap      ] GC(14) Old regions: 0->0
[1.340s][info][gc,heap      ] GC(14) Humongous regions: 0->0
[1.340s][info][gc,metaspace ] GC(14) Metaspace: 4540K->4540K(1056768K)
[1.340s][info][gc           ] GC(14) Pause Young (G1 Evacuation Pause) 132M->0M(222M) 1.999ms
[1.340s][info][gc,cpu       ] GC(14) User=0.00s Sys=0.00s Real=0.00s
[1.418s][info][gc,start     ] GC(15) Pause Young (G1 Evacuation Pause)
[1.418s][info][gc,task      ] GC(15) Using 4 workers of 4 for evacuation
[1.420s][info][gc,phases    ] GC(15)   Pre Evacuate Collection Set: 0.0ms
[1.420s][info][gc,phases    ] GC(15)   Evacuate Collection Set: 1.6ms
[1.420s][info][gc,phases    ] GC(15)   Post Evacuate Collection Set: 0.1ms
[1.420s][info][gc,phases    ] GC(15)   Other: 0.2ms
[1.420s][info][gc,heap      ] GC(15) Eden regions: 132->0(132)
[1.420s][info][gc,heap      ] GC(15) Survivor regions: 1->1(17)
[1.420s][info][gc,heap      ] GC(15) Old regions: 0->1
[1.420s][info][gc,heap      ] GC(15) Humongous regions: 0->0
[1.420s][info][gc,metaspace ] GC(15) Metaspace: 4540K->4540K(1056768K)
[1.420s][info][gc           ] GC(15) Pause Young (G1 Evacuation Pause) 132M->0M(222M) 2.057ms
[1.420s][info][gc,cpu       ] GC(15) User=0.00s Sys=0.00s Real=0.00s
[1.498s][info][gc,start     ] GC(16) Pause Young (G1 Evacuation Pause)
[1.498s][info][gc,task      ] GC(16) Using 4 workers of 4 for evacuation
[1.500s][info][gc,phases    ] GC(16)   Pre Evacuate Collection Set: 0.0ms
[1.500s][info][gc,phases    ] GC(16)   Evacuate Collection Set: 0.3ms
[1.500s][info][gc,phases    ] GC(16)   Post Evacuate Collection Set: 1.7ms
[1.500s][info][gc,phases    ] GC(16)   Other: 0.2ms
[1.500s][info][gc,heap      ] GC(16) Eden regions: 132->0(159)
[1.500s][info][gc,heap      ] GC(16) Survivor regions: 1->1(17)
[1.500s][info][gc,heap      ] GC(16) Old regions: 1->1
[1.500s][info][gc,heap      ] GC(16) Humongous regions: 0->0
[1.500s][info][gc,metaspace ] GC(16) Metaspace: 4540K->4540K(1056768K)
[1.500s][info][gc           ] GC(16) Pause Young (G1 Evacuation Pause) 132M->0M(267M) 2.315ms
[1.500s][info][gc,cpu       ] GC(16) User=0.00s Sys=0.00s Real=0.00s
[1.610s][info][gc,start     ] GC(17) Pause Young (G1 Evacuation Pause)
[1.610s][info][gc,task      ] GC(17) Using 4 workers of 4 for evacuation
[1.611s][info][gc,phases    ] GC(17)   Pre Evacuate Collection Set: 0.0ms
[1.611s][info][gc,phases    ] GC(17)   Evacuate Collection Set: 0.3ms
[1.611s][info][gc,phases    ] GC(17)   Post Evacuate Collection Set: 0.1ms
[1.611s][info][gc,phases    ] GC(17)   Other: 0.2ms
[1.611s][info][gc,heap      ] GC(17) Eden regions: 159->0(159)
[1.611s][info][gc,heap      ] GC(17) Survivor regions: 1->1(20)
[1.611s][info][gc,heap      ] GC(17) Old regions: 1->1
[1.611s][info][gc,heap      ] GC(17) Humongous regions: 0->0
[1.611s][info][gc,metaspace ] GC(17) Metaspace: 4540K->4540K(1056768K)
[1.611s][info][gc           ] GC(17) Pause Young (G1 Evacuation Pause) 159M->0M(267M) 0.737ms
[1.611s][info][gc,cpu       ] GC(17) User=0.02s Sys=0.00s Real=0.00s
[1.707s][info][gc,start     ] GC(18) Pause Young (G1 Evacuation Pause)
[1.707s][info][gc,task      ] GC(18) Using 4 workers of 4 for evacuation
[1.707s][info][gc,phases    ] GC(18)   Pre Evacuate Collection Set: 0.0ms
[1.707s][info][gc,phases    ] GC(18)   Evacuate Collection Set: 0.3ms
[1.707s][info][gc,phases    ] GC(18)   Post Evacuate Collection Set: 0.1ms
[1.707s][info][gc,phases    ] GC(18)   Other: 0.2ms
[1.707s][info][gc,heap      ] GC(18) Eden regions: 159->0(159)
[1.707s][info][gc,heap      ] GC(18) Survivor regions: 1->1(20)
[1.707s][info][gc,heap      ] GC(18) Old regions: 1->1
[1.707s][info][gc,heap      ] GC(18) Humongous regions: 0->0
[1.707s][info][gc,metaspace ] GC(18) Metaspace: 4540K->4540K(1056768K)
[1.707s][info][gc           ] GC(18) Pause Young (G1 Evacuation Pause) 159M->0M(267M) 0.705ms
[1.707s][info][gc,cpu       ] GC(18) User=0.00s Sys=0.00s Real=0.00s
[1.804s][info][gc,start     ] GC(19) Pause Young (G1 Evacuation Pause)
[1.804s][info][gc,task      ] GC(19) Using 4 workers of 4 for evacuation
[1.805s][info][gc,phases    ] GC(19)   Pre Evacuate Collection Set: 0.0ms
[1.805s][info][gc,phases    ] GC(19)   Evacuate Collection Set: 0.3ms
[1.805s][info][gc,phases    ] GC(19)   Post Evacuate Collection Set: 0.1ms
[1.805s][info][gc,phases    ] GC(19)   Other: 0.2ms
[1.805s][info][gc,heap      ] GC(19) Eden regions: 159->0(159)
[1.805s][info][gc,heap      ] GC(19) Survivor regions: 1->1(20)
[1.805s][info][gc,heap      ] GC(19) Old regions: 1->1
[1.805s][info][gc,heap      ] GC(19) Humongous regions: 0->0
[1.805s][info][gc,metaspace ] GC(19) Metaspace: 4540K->4540K(1056768K)
[1.805s][info][gc           ] GC(19) Pause Young (G1 Evacuation Pause) 159M->0M(267M) 0.857ms
[1.805s][info][gc,cpu       ] GC(19) User=0.00s Sys=0.00s Real=0.00s
[1.901s][info][gc,start     ] GC(20) Pause Young (G1 Evacuation Pause)
[1.901s][info][gc,task      ] GC(20) Using 4 workers of 4 for evacuation
[1.902s][info][gc,phases    ] GC(20)   Pre Evacuate Collection Set: 0.0ms
[1.902s][info][gc,phases    ] GC(20)   Evacuate Collection Set: 0.5ms
[1.902s][info][gc,phases    ] GC(20)   Post Evacuate Collection Set: 0.1ms
[1.902s][info][gc,phases    ] GC(20)   Other: 0.1ms
[1.902s][info][gc,heap      ] GC(20) Eden regions: 159->0(159)
[1.902s][info][gc,heap      ] GC(20) Survivor regions: 1->1(20)
[1.902s][info][gc,heap      ] GC(20) Old regions: 1->1
[1.902s][info][gc,heap      ] GC(20) Humongous regions: 0->0
[1.902s][info][gc,metaspace ] GC(20) Metaspace: 4540K->4540K(1056768K)
[1.902s][info][gc           ] GC(20) Pause Young (G1 Evacuation Pause) 159M->1M(267M) 0.881ms
[1.902s][info][gc,cpu       ] GC(20) User=0.00s Sys=0.00s Real=0.00s
[1.995s][info][gc,start     ] GC(21) Pause Young (G1 Evacuation Pause)
[1.995s][info][gc,task      ] GC(21) Using 4 workers of 4 for evacuation
[1.996s][info][gc,phases    ] GC(21)   Pre Evacuate Collection Set: 0.0ms
[1.996s][info][gc,phases    ] GC(21)   Evacuate Collection Set: 0.3ms
[1.996s][info][gc,phases    ] GC(21)   Post Evacuate Collection Set: 0.1ms
[1.996s][info][gc,phases    ] GC(21)   Other: 0.1ms
[1.996s][info][gc,heap      ] GC(21) Eden regions: 159->0(159)
[1.996s][info][gc,heap      ] GC(21) Survivor regions: 1->1(20)
[1.996s][info][gc,heap      ] GC(21) Old regions: 1->1
[1.996s][info][gc,heap      ] GC(21) Humongous regions: 0->0
[1.996s][info][gc,metaspace ] GC(21) Metaspace: 4540K->4540K(1056768K)
[1.996s][info][gc           ] GC(21) Pause Young (G1 Evacuation Pause) 160M->0M(267M) 0.646ms
[1.996s][info][gc,cpu       ] GC(21) User=0.00s Sys=0.00s Real=0.00s
[2.089s][info][gc,start     ] GC(22) Pause Young (G1 Evacuation Pause)
[2.089s][info][gc,task      ] GC(22) Using 4 workers of 4 for evacuation
[2.090s][info][gc,phases    ] GC(22)   Pre Evacuate Collection Set: 0.0ms
[2.090s][info][gc,phases    ] GC(22)   Evacuate Collection Set: 0.3ms
[2.090s][info][gc,phases    ] GC(22)   Post Evacuate Collection Set: 0.1ms
[2.090s][info][gc,phases    ] GC(22)   Other: 0.1ms
[2.090s][info][gc,heap      ] GC(22) Eden regions: 159->0(159)
[2.090s][info][gc,heap      ] GC(22) Survivor regions: 1->1(20)
[2.090s][info][gc,heap      ] GC(22) Old regions: 1->1
[2.090s][info][gc,heap      ] GC(22) Humongous regions: 0->0
[2.090s][info][gc,metaspace ] GC(22) Metaspace: 4540K->4540K(1056768K)
[2.090s][info][gc           ] GC(22) Pause Young (G1 Evacuation Pause) 159M->0M(267M) 0.702ms
[2.090s][info][gc,cpu       ] GC(22) User=0.00s Sys=0.00s Real=0.00s
[2.187s][info][gc,start     ] GC(23) Pause Young (G1 Evacuation Pause)
[2.187s][info][gc,task      ] GC(23) Using 4 workers of 4 for evacuation
[2.188s][info][gc,phases    ] GC(23)   Pre Evacuate Collection Set: 0.0ms
[2.188s][info][gc,phases    ] GC(23)   Evacuate Collection Set: 0.3ms
[2.188s][info][gc,phases    ] GC(23)   Post Evacuate Collection Set: 0.2ms
[2.188s][info][gc,phases    ] GC(23)   Other: 0.1ms
[2.188s][info][gc,heap      ] GC(23) Eden regions: 159->0(159)
[2.188s][info][gc,heap      ] GC(23) Survivor regions: 1->1(20)
[2.188s][info][gc,heap      ] GC(23) Old regions: 1->1
[2.188s][info][gc,heap      ] GC(23) Humongous regions: 0->0
[2.188s][info][gc,metaspace ] GC(23) Metaspace: 4540K->4540K(1056768K)
[2.188s][info][gc           ] GC(23) Pause Young (G1 Evacuation Pause) 159M->0M(267M) 0.776ms
[2.188s][info][gc,cpu       ] GC(23) User=0.00s Sys=0.00s Real=0.00s
[2.287s][info][gc,start     ] GC(24) Pause Young (G1 Evacuation Pause)
[2.287s][info][gc,task      ] GC(24) Using 4 workers of 4 for evacuation
[2.287s][info][gc,phases    ] GC(24)   Pre Evacuate Collection Set: 0.0ms
[2.287s][info][gc,phases    ] GC(24)   Evacuate Collection Set: 0.3ms
[2.287s][info][gc,phases    ] GC(24)   Post Evacuate Collection Set: 0.1ms
[2.287s][info][gc,phases    ] GC(24)   Other: 0.2ms
[2.287s][info][gc,heap      ] GC(24) Eden regions: 159->0(159)
[2.287s][info][gc,heap      ] GC(24) Survivor regions: 1->1(20)
[2.287s][info][gc,heap      ] GC(24) Old regions: 1->1
[2.287s][info][gc,heap      ] GC(24) Humongous regions: 0->0
[2.287s][info][gc,metaspace ] GC(24) Metaspace: 4540K->4540K(1056768K)
[2.287s][info][gc           ] GC(24) Pause Young (G1 Evacuation Pause) 159M->0M(267M) 0.679ms
[2.287s][info][gc,cpu       ] GC(24) User=0.00s Sys=0.00s Real=0.00s
[2.382s][info][gc,start     ] GC(25) Pause Young (G1 Evacuation Pause)
[2.383s][info][gc,task      ] GC(25) Using 4 workers of 4 for evacuation
[2.383s][info][gc,phases    ] GC(25)   Pre Evacuate Collection Set: 0.0ms
[2.383s][info][gc,phases    ] GC(25)   Evacuate Collection Set: 0.3ms
[2.383s][info][gc,phases    ] GC(25)   Post Evacuate Collection Set: 0.1ms
[2.383s][info][gc,phases    ] GC(25)   Other: 0.4ms
[2.383s][info][gc,heap      ] GC(25) Eden regions: 159->0(159)
[2.383s][info][gc,heap      ] GC(25) Survivor regions: 1->1(20)
[2.383s][info][gc,heap      ] GC(25) Old regions: 1->1
[2.383s][info][gc,heap      ] GC(25) Humongous regions: 0->0
[2.383s][info][gc,metaspace ] GC(25) Metaspace: 4540K->4540K(1056768K)
[2.384s][info][gc           ] GC(25) Pause Young (G1 Evacuation Pause) 159M->0M(267M) 1.061ms
[2.384s][info][gc,cpu       ] GC(25) User=0.00s Sys=0.00s Real=0.00s
[2.478s][info][gc,start     ] GC(26) Pause Young (G1 Evacuation Pause)
[2.478s][info][gc,task      ] GC(26) Using 4 workers of 4 for evacuation
[2.478s][info][gc,phases    ] GC(26)   Pre Evacuate Collection Set: 0.0ms
[2.478s][info][gc,phases    ] GC(26)   Evacuate Collection Set: 0.3ms
[2.478s][info][gc,phases    ] GC(26)   Post Evacuate Collection Set: 0.1ms
[2.478s][info][gc,phases    ] GC(26)   Other: 0.1ms
[2.478s][info][gc,heap      ] GC(26) Eden regions: 159->0(159)
[2.478s][info][gc,heap      ] GC(26) Survivor regions: 1->1(20)
[2.478s][info][gc,heap      ] GC(26) Old regions: 1->1
[2.478s][info][gc,heap      ] GC(26) Humongous regions: 0->0
[2.478s][info][gc,metaspace ] GC(26) Metaspace: 4540K->4540K(1056768K)
[2.478s][info][gc           ] GC(26) Pause Young (G1 Evacuation Pause) 159M->0M(267M) 0.674ms
[2.478s][info][gc,cpu       ] GC(26) User=0.00s Sys=0.00s Real=0.00s
[2.573s][info][gc,start     ] GC(27) Pause Young (G1 Evacuation Pause)
[2.573s][info][gc,task      ] GC(27) Using 4 workers of 4 for evacuation
[2.573s][info][gc,phases    ] GC(27)   Pre Evacuate Collection Set: 0.0ms
[2.573s][info][gc,phases    ] GC(27)   Evacuate Collection Set: 0.3ms
[2.573s][info][gc,phases    ] GC(27)   Post Evacuate Collection Set: 0.1ms
[2.573s][info][gc,phases    ] GC(27)   Other: 0.2ms
[2.573s][info][gc,heap      ] GC(27) Eden regions: 159->0(159)
[2.573s][info][gc,heap      ] GC(27) Survivor regions: 1->1(20)
[2.573s][info][gc,heap      ] GC(27) Old regions: 1->1
[2.573s][info][gc,heap      ] GC(27) Humongous regions: 0->0
[2.573s][info][gc,metaspace ] GC(27) Metaspace: 4540K->4540K(1056768K)
[2.573s][info][gc           ] GC(27) Pause Young (G1 Evacuation Pause) 159M->0M(267M) 0.658ms
[2.573s][info][gc,cpu       ] GC(27) User=0.00s Sys=0.00s Real=0.00s
[2.667s][info][gc,start     ] GC(28) Pause Young (G1 Evacuation Pause)
[2.667s][info][gc,task      ] GC(28) Using 4 workers of 4 for evacuation
[2.668s][info][gc,phases    ] GC(28)   Pre Evacuate Collection Set: 0.0ms
[2.668s][info][gc,phases    ] GC(28)   Evacuate Collection Set: 0.4ms
[2.668s][info][gc,phases    ] GC(28)   Post Evacuate Collection Set: 0.1ms
[2.668s][info][gc,phases    ] GC(28)   Other: 0.1ms
[2.668s][info][gc,heap      ] GC(28) Eden regions: 159->0(159)
[2.668s][info][gc,heap      ] GC(28) Survivor regions: 1->1(20)
[2.668s][info][gc,heap      ] GC(28) Old regions: 1->1
[2.668s][info][gc,heap      ] GC(28) Humongous regions: 0->0
[2.668s][info][gc,metaspace ] GC(28) Metaspace: 4540K->4540K(1056768K)
[2.668s][info][gc           ] GC(28) Pause Young (G1 Evacuation Pause) 159M->0M(267M) 0.762ms
[2.668s][info][gc,cpu       ] GC(28) User=0.00s Sys=0.00s Real=0.00s
[2.763s][info][gc,start     ] GC(29) Pause Young (G1 Evacuation Pause)
[2.763s][info][gc,task      ] GC(29) Using 4 workers of 4 for evacuation
[2.763s][info][gc,phases    ] GC(29)   Pre Evacuate Collection Set: 0.0ms
[2.763s][info][gc,phases    ] GC(29)   Evacuate Collection Set: 0.2ms
[2.763s][info][gc,phases    ] GC(29)   Post Evacuate Collection Set: 0.1ms
[2.763s][info][gc,phases    ] GC(29)   Other: 0.1ms
[2.763s][info][gc,heap      ] GC(29) Eden regions: 159->0(159)
[2.763s][info][gc,heap      ] GC(29) Survivor regions: 1->1(20)
[2.763s][info][gc,heap      ] GC(29) Old regions: 1->1
[2.763s][info][gc,heap      ] GC(29) Humongous regions: 0->0
[2.763s][info][gc,metaspace ] GC(29) Metaspace: 4540K->4540K(1056768K)
[2.763s][info][gc           ] GC(29) Pause Young (G1 Evacuation Pause) 159M->0M(267M) 0.602ms
[2.763s][info][gc,cpu       ] GC(29) User=0.00s Sys=0.00s Real=0.00s
[2.862s][info][gc,start     ] GC(30) Pause Young (G1 Evacuation Pause)
[2.862s][info][gc,task      ] GC(30) Using 4 workers of 4 for evacuation
[2.862s][info][gc,phases    ] GC(30)   Pre Evacuate Collection Set: 0.0ms
[2.862s][info][gc,phases    ] GC(30)   Evacuate Collection Set: 0.3ms
[2.862s][info][gc,phases    ] GC(30)   Post Evacuate Collection Set: 0.1ms
[2.862s][info][gc,phases    ] GC(30)   Other: 0.1ms
[2.862s][info][gc,heap      ] GC(30) Eden regions: 159->0(159)
[2.862s][info][gc,heap      ] GC(30) Survivor regions: 1->1(20)
[2.862s][info][gc,heap      ] GC(30) Old regions: 1->1
[2.862s][info][gc,heap      ] GC(30) Humongous regions: 0->0
[2.862s][info][gc,metaspace ] GC(30) Metaspace: 4540K->4540K(1056768K)
[2.862s][info][gc           ] GC(30) Pause Young (G1 Evacuation Pause) 159M->0M(267M) 0.678ms
[2.863s][info][gc,cpu       ] GC(30) User=0.00s Sys=0.00s Real=0.00s
[2.959s][info][gc,start     ] GC(31) Pause Young (G1 Evacuation Pause)
[2.959s][info][gc,task      ] GC(31) Using 4 workers of 4 for evacuation
[2.959s][info][gc,phases    ] GC(31)   Pre Evacuate Collection Set: 0.0ms
[2.959s][info][gc,phases    ] GC(31)   Evacuate Collection Set: 0.3ms
[2.959s][info][gc,phases    ] GC(31)   Post Evacuate Collection Set: 0.1ms
[2.959s][info][gc,phases    ] GC(31)   Other: 0.1ms
[2.959s][info][gc,heap      ] GC(31) Eden regions: 159->0(159)
[2.959s][info][gc,heap      ] GC(31) Survivor regions: 1->1(20)
[2.959s][info][gc,heap      ] GC(31) Old regions: 1->1
[2.959s][info][gc,heap      ] GC(31) Humongous regions: 0->0
[2.959s][info][gc,metaspace ] GC(31) Metaspace: 4540K->4540K(1056768K)
[2.959s][info][gc           ] GC(31) Pause Young (G1 Evacuation Pause) 159M->0M(267M) 0.645ms
[2.959s][info][gc,cpu       ] GC(31) User=0.00s Sys=0.00s Real=0.00s
[3.054s][info][gc,start     ] GC(32) Pause Young (G1 Evacuation Pause)
[3.055s][info][gc,task      ] GC(32) Using 4 workers of 4 for evacuation
[3.055s][info][gc,phases    ] GC(32)   Pre Evacuate Collection Set: 0.0ms
[3.055s][info][gc,phases    ] GC(32)   Evacuate Collection Set: 0.3ms
[3.055s][info][gc,phases    ] GC(32)   Post Evacuate Collection Set: 0.1ms
[3.055s][info][gc,phases    ] GC(32)   Other: 0.1ms
[3.055s][info][gc,heap      ] GC(32) Eden regions: 159->0(159)
[3.055s][info][gc,heap      ] GC(32) Survivor regions: 1->1(20)
[3.055s][info][gc,heap      ] GC(32) Old regions: 1->1
[3.055s][info][gc,heap      ] GC(32) Humongous regions: 0->0
[3.055s][info][gc,metaspace ] GC(32) Metaspace: 4540K->4540K(1056768K)
[3.055s][info][gc           ] GC(32) Pause Young (G1 Evacuation Pause) 159M->0M(267M) 0.696ms
[3.055s][info][gc,cpu       ] GC(32) User=0.00s Sys=0.00s Real=0.00s
[3.152s][info][gc,start     ] GC(33) Pause Young (G1 Evacuation Pause)
[3.153s][info][gc,task      ] GC(33) Using 4 workers of 4 for evacuation
[3.153s][info][gc,phases    ] GC(33)   Pre Evacuate Collection Set: 0.0ms
[3.153s][info][gc,phases    ] GC(33)   Evacuate Collection Set: 0.3ms
[3.153s][info][gc,phases    ] GC(33)   Post Evacuate Collection Set: 0.1ms
[3.153s][info][gc,phases    ] GC(33)   Other: 0.1ms
[3.153s][info][gc,heap      ] GC(33) Eden regions: 159->0(159)
[3.153s][info][gc,heap      ] GC(33) Survivor regions: 1->1(20)
[3.153s][info][gc,heap      ] GC(33) Old regions: 1->1
[3.153s][info][gc,heap      ] GC(33) Humongous regions: 0->0
[3.153s][info][gc,metaspace ] GC(33) Metaspace: 4540K->4540K(1056768K)
[3.153s][info][gc           ] GC(33) Pause Young (G1 Evacuation Pause) 159M->0M(267M) 0.653ms
[3.153s][info][gc,cpu       ] GC(33) User=0.00s Sys=0.00s Real=0.00s
[3.247s][info][gc,start     ] GC(34) Pause Young (G1 Evacuation Pause)
[3.247s][info][gc,task      ] GC(34) Using 4 workers of 4 for evacuation
[3.247s][info][gc,phases    ] GC(34)   Pre Evacuate Collection Set: 0.0ms
[3.247s][info][gc,phases    ] GC(34)   Evacuate Collection Set: 0.3ms
[3.248s][info][gc,phases    ] GC(34)   Post Evacuate Collection Set: 0.1ms
[3.248s][info][gc,phases    ] GC(34)   Other: 0.1ms
[3.248s][info][gc,heap      ] GC(34) Eden regions: 159->0(159)
[3.248s][info][gc,heap      ] GC(34) Survivor regions: 1->1(20)
[3.248s][info][gc,heap      ] GC(34) Old regions: 1->1
[3.248s][info][gc,heap      ] GC(34) Humongous regions: 0->0
[3.248s][info][gc,metaspace ] GC(34) Metaspace: 4540K->4540K(1056768K)
[3.248s][info][gc           ] GC(34) Pause Young (G1 Evacuation Pause) 159M->0M(267M) 0.720ms
[3.248s][info][gc,cpu       ] GC(34) User=0.00s Sys=0.00s Real=0.00s
[3.345s][info][gc,start     ] GC(35) Pause Young (G1 Evacuation Pause)
[3.345s][info][gc,task      ] GC(35) Using 4 workers of 4 for evacuation
[3.346s][info][gc,phases    ] GC(35)   Pre Evacuate Collection Set: 0.0ms
[3.346s][info][gc,phases    ] GC(35)   Evacuate Collection Set: 0.3ms
[3.346s][info][gc,phases    ] GC(35)   Post Evacuate Collection Set: 0.1ms
[3.346s][info][gc,phases    ] GC(35)   Other: 0.2ms
[3.346s][info][gc,heap      ] GC(35) Eden regions: 159->0(159)
[3.346s][info][gc,heap      ] GC(35) Survivor regions: 1->1(20)
[3.346s][info][gc,heap      ] GC(35) Old regions: 1->1
[3.346s][info][gc,heap      ] GC(35) Humongous regions: 0->0
[3.346s][info][gc,metaspace ] GC(35) Metaspace: 4540K->4540K(1056768K)
[3.346s][info][gc           ] GC(35) Pause Young (G1 Evacuation Pause) 159M->0M(267M) 0.760ms
[3.346s][info][gc,cpu       ] GC(35) User=0.00s Sys=0.02s Real=0.00s
[3.443s][info][gc,start     ] GC(36) Pause Young (G1 Evacuation Pause)
[3.443s][info][gc,task      ] GC(36) Using 4 workers of 4 for evacuation
[3.443s][info][gc,phases    ] GC(36)   Pre Evacuate Collection Set: 0.0ms
[3.443s][info][gc,phases    ] GC(36)   Evacuate Collection Set: 0.3ms
[3.443s][info][gc,phases    ] GC(36)   Post Evacuate Collection Set: 0.1ms
[3.443s][info][gc,phases    ] GC(36)   Other: 0.2ms
[3.443s][info][gc,heap      ] GC(36) Eden regions: 159->0(159)
[3.443s][info][gc,heap      ] GC(36) Survivor regions: 1->1(20)
[3.443s][info][gc,heap      ] GC(36) Old regions: 1->1
[3.443s][info][gc,heap      ] GC(36) Humongous regions: 0->0
[3.443s][info][gc,metaspace ] GC(36) Metaspace: 4540K->4540K(1056768K)
[3.444s][info][gc           ] GC(36) Pause Young (G1 Evacuation Pause) 159M->0M(267M) 0.775ms
[3.444s][info][gc,cpu       ] GC(36) User=0.00s Sys=0.00s Real=0.00s
[3.538s][info][gc,start     ] GC(37) Pause Young (G1 Evacuation Pause)
[3.538s][info][gc,task      ] GC(37) Using 4 workers of 4 for evacuation
[3.538s][info][gc,phases    ] GC(37)   Pre Evacuate Collection Set: 0.0ms
[3.538s][info][gc,phases    ] GC(37)   Evacuate Collection Set: 0.3ms
[3.538s][info][gc,phases    ] GC(37)   Post Evacuate Collection Set: 0.1ms
[3.538s][info][gc,phases    ] GC(37)   Other: 0.1ms
[3.538s][info][gc,heap      ] GC(37) Eden regions: 159->0(159)
[3.538s][info][gc,heap      ] GC(37) Survivor regions: 1->1(20)
[3.538s][info][gc,heap      ] GC(37) Old regions: 1->1
[3.538s][info][gc,heap      ] GC(37) Humongous regions: 0->0
[3.538s][info][gc,metaspace ] GC(37) Metaspace: 4540K->4540K(1056768K)
[3.538s][info][gc           ] GC(37) Pause Young (G1 Evacuation Pause) 159M->0M(267M) 0.643ms
[3.538s][info][gc,cpu       ] GC(37) User=0.00s Sys=0.00s Real=0.00s
[3.634s][info][gc,start     ] GC(38) Pause Young (G1 Evacuation Pause)
[3.634s][info][gc,task      ] GC(38) Using 4 workers of 4 for evacuation
[3.634s][info][gc,phases    ] GC(38)   Pre Evacuate Collection Set: 0.0ms
[3.634s][info][gc,phases    ] GC(38)   Evacuate Collection Set: 0.3ms
[3.634s][info][gc,phases    ] GC(38)   Post Evacuate Collection Set: 0.1ms
[3.634s][info][gc,phases    ] GC(38)   Other: 0.1ms
[3.634s][info][gc,heap      ] GC(38) Eden regions: 159->0(159)
[3.634s][info][gc,heap      ] GC(38) Survivor regions: 1->1(20)
[3.634s][info][gc,heap      ] GC(38) Old regions: 1->1
[3.634s][info][gc,heap      ] GC(38) Humongous regions: 0->0
[3.635s][info][gc,metaspace ] GC(38) Metaspace: 4540K->4540K(1056768K)
[3.635s][info][gc           ] GC(38) Pause Young (G1 Evacuation Pause) 159M->0M(267M) 0.660ms
[3.635s][info][gc,cpu       ] GC(38) User=0.00s Sys=0.00s Real=0.00s
[3.728s][info][gc,start     ] GC(39) Pause Young (G1 Evacuation Pause)
[3.728s][info][gc,task      ] GC(39) Using 4 workers of 4 for evacuation
[3.729s][info][gc,phases    ] GC(39)   Pre Evacuate Collection Set: 0.0ms
[3.729s][info][gc,phases    ] GC(39)   Evacuate Collection Set: 0.4ms
[3.729s][info][gc,phases    ] GC(39)   Post Evacuate Collection Set: 0.1ms
[3.729s][info][gc,phases    ] GC(39)   Other: 0.1ms
[3.729s][info][gc,heap      ] GC(39) Eden regions: 159->0(159)
[3.729s][info][gc,heap      ] GC(39) Survivor regions: 1->1(20)
[3.729s][info][gc,heap      ] GC(39) Old regions: 1->1
[3.729s][info][gc,heap      ] GC(39) Humongous regions: 0->0
[3.729s][info][gc,metaspace ] GC(39) Metaspace: 4540K->4540K(1056768K)
[3.729s][info][gc           ] GC(39) Pause Young (G1 Evacuation Pause) 159M->0M(267M) 0.806ms
[3.729s][info][gc,cpu       ] GC(39) User=0.00s Sys=0.00s Real=0.00s
[3.824s][info][gc,start     ] GC(40) Pause Young (G1 Evacuation Pause)
[3.824s][info][gc,task      ] GC(40) Using 4 workers of 4 for evacuation
[3.825s][info][gc,phases    ] GC(40)   Pre Evacuate Collection Set: 0.0ms
[3.825s][info][gc,phases    ] GC(40)   Evacuate Collection Set: 0.3ms
[3.825s][info][gc,phases    ] GC(40)   Post Evacuate Collection Set: 0.1ms
[3.825s][info][gc,phases    ] GC(40)   Other: 0.2ms
[3.825s][info][gc,heap      ] GC(40) Eden regions: 159->0(159)
[3.825s][info][gc,heap      ] GC(40) Survivor regions: 1->1(20)
[3.825s][info][gc,heap      ] GC(40) Old regions: 1->1
[3.825s][info][gc,heap      ] GC(40) Humongous regions: 0->0
[3.825s][info][gc,metaspace ] GC(40) Metaspace: 4540K->4540K(1056768K)
[3.825s][info][gc           ] GC(40) Pause Young (G1 Evacuation Pause) 159M->0M(267M) 0.776ms
[3.825s][info][gc,cpu       ] GC(40) User=0.00s Sys=0.00s Real=0.00s
[3.920s][info][gc,start     ] GC(41) Pause Young (G1 Evacuation Pause)
[3.920s][info][gc,task      ] GC(41) Using 4 workers of 4 for evacuation
[3.920s][info][gc,phases    ] GC(41)   Pre Evacuate Collection Set: 0.0ms
[3.920s][info][gc,phases    ] GC(41)   Evacuate Collection Set: 0.5ms
[3.920s][info][gc,phases    ] GC(41)   Post Evacuate Collection Set: 0.1ms
[3.920s][info][gc,phases    ] GC(41)   Other: 0.1ms
[3.920s][info][gc,heap      ] GC(41) Eden regions: 159->0(159)
[3.920s][info][gc,heap      ] GC(41) Survivor regions: 1->1(20)
[3.920s][info][gc,heap      ] GC(41) Old regions: 1->1
[3.920s][info][gc,heap      ] GC(41) Humongous regions: 0->0
[3.920s][info][gc,metaspace ] GC(41) Metaspace: 4540K->4540K(1056768K)
[3.921s][info][gc           ] GC(41) Pause Young (G1 Evacuation Pause) 159M->1M(267M) 0.897ms
[3.921s][info][gc,cpu       ] GC(41) User=0.00s Sys=0.00s Real=0.00s
[4.019s][info][gc,start     ] GC(42) Pause Young (G1 Evacuation Pause)
[4.019s][info][gc,task      ] GC(42) Using 4 workers of 4 for evacuation
[4.020s][info][gc,phases    ] GC(42)   Pre Evacuate Collection Set: 0.0ms
[4.020s][info][gc,phases    ] GC(42)   Evacuate Collection Set: 0.4ms
[4.020s][info][gc,phases    ] GC(42)   Post Evacuate Collection Set: 0.2ms
[4.020s][info][gc,phases    ] GC(42)   Other: 0.2ms
[4.020s][info][gc,heap      ] GC(42) Eden regions: 159->0(159)
[4.020s][info][gc,heap      ] GC(42) Survivor regions: 1->1(20)
[4.020s][info][gc,heap      ] GC(42) Old regions: 1->1
[4.020s][info][gc,heap      ] GC(42) Humongous regions: 0->0
[4.020s][info][gc,metaspace ] GC(42) Metaspace: 4540K->4540K(1056768K)
[4.020s][info][gc           ] GC(42) Pause Young (G1 Evacuation Pause) 160M->0M(267M) 0.963ms
[4.020s][info][gc,cpu       ] GC(42) User=0.00s Sys=0.00s Real=0.00s
[4.115s][info][gc,start     ] GC(43) Pause Young (G1 Evacuation Pause)
[4.115s][info][gc,task      ] GC(43) Using 4 workers of 4 for evacuation
[4.115s][info][gc,phases    ] GC(43)   Pre Evacuate Collection Set: 0.0ms
[4.115s][info][gc,phases    ] GC(43)   Evacuate Collection Set: 0.4ms
[4.115s][info][gc,phases    ] GC(43)   Post Evacuate Collection Set: 0.2ms
[4.115s][info][gc,phases    ] GC(43)   Other: 0.2ms
[4.116s][info][gc,heap      ] GC(43) Eden regions: 159->0(159)
[4.116s][info][gc,heap      ] GC(43) Survivor regions: 1->1(20)
[4.116s][info][gc,heap      ] GC(43) Old regions: 1->1
[4.116s][info][gc,heap      ] GC(43) Humongous regions: 0->0
[4.116s][info][gc,metaspace ] GC(43) Metaspace: 4540K->4540K(1056768K)
[4.116s][info][gc           ] GC(43) Pause Young (G1 Evacuation Pause) 159M->0M(267M) 0.966ms
[4.116s][info][gc,cpu       ] GC(43) User=0.00s Sys=0.00s Real=0.00s
[4.209s][info][gc,start     ] GC(44) Pause Young (G1 Evacuation Pause)
[4.209s][info][gc,task      ] GC(44) Using 4 workers of 4 for evacuation
[4.210s][info][gc,phases    ] GC(44)   Pre Evacuate Collection Set: 0.0ms
[4.210s][info][gc,phases    ] GC(44)   Evacuate Collection Set: 0.2ms
[4.210s][info][gc,phases    ] GC(44)   Post Evacuate Collection Set: 0.1ms
[4.210s][info][gc,phases    ] GC(44)   Other: 0.2ms
[4.210s][info][gc,heap      ] GC(44) Eden regions: 159->0(159)
[4.210s][info][gc,heap      ] GC(44) Survivor regions: 1->1(20)
[4.210s][info][gc,heap      ] GC(44) Old regions: 1->1
[4.210s][info][gc,heap      ] GC(44) Humongous regions: 0->0
[4.210s][info][gc,metaspace ] GC(44) Metaspace: 4540K->4540K(1056768K)
[4.210s][info][gc           ] GC(44) Pause Young (G1 Evacuation Pause) 159M->0M(267M) 0.644ms
[4.210s][info][gc,cpu       ] GC(44) User=0.00s Sys=0.00s Real=0.00s
[4.308s][info][gc,start     ] GC(45) Pause Young (G1 Evacuation Pause)
[4.308s][info][gc,task      ] GC(45) Using 4 workers of 4 for evacuation
[4.309s][info][gc,phases    ] GC(45)   Pre Evacuate Collection Set: 0.0ms
[4.309s][info][gc,phases    ] GC(45)   Evacuate Collection Set: 0.3ms
[4.309s][info][gc,phases    ] GC(45)   Post Evacuate Collection Set: 0.1ms
[4.309s][info][gc,phases    ] GC(45)   Other: 0.1ms
[4.309s][info][gc,heap      ] GC(45) Eden regions: 159->0(159)
[4.309s][info][gc,heap      ] GC(45) Survivor regions: 1->1(20)
[4.309s][info][gc,heap      ] GC(45) Old regions: 1->1
[4.309s][info][gc,heap      ] GC(45) Humongous regions: 0->0
[4.309s][info][gc,metaspace ] GC(45) Metaspace: 4540K->4540K(1056768K)
[4.309s][info][gc           ] GC(45) Pause Young (G1 Evacuation Pause) 159M->0M(267M) 0.668ms
[4.309s][info][gc,cpu       ] GC(45) User=0.00s Sys=0.00s Real=0.00s
[4.405s][info][gc,start     ] GC(46) Pause Young (G1 Evacuation Pause)
[4.405s][info][gc,task      ] GC(46) Using 4 workers of 4 for evacuation
[4.405s][info][gc,phases    ] GC(46)   Pre Evacuate Collection Set: 0.0ms
[4.405s][info][gc,phases    ] GC(46)   Evacuate Collection Set: 0.3ms
[4.405s][info][gc,phases    ] GC(46)   Post Evacuate Collection Set: 0.1ms
[4.405s][info][gc,phases    ] GC(46)   Other: 0.1ms
[4.405s][info][gc,heap      ] GC(46) Eden regions: 159->0(159)
[4.405s][info][gc,heap      ] GC(46) Survivor regions: 1->1(20)
[4.405s][info][gc,heap      ] GC(46) Old regions: 1->1
[4.405s][info][gc,heap      ] GC(46) Humongous regions: 0->0
[4.405s][info][gc,metaspace ] GC(46) Metaspace: 4540K->4540K(1056768K)
[4.405s][info][gc           ] GC(46) Pause Young (G1 Evacuation Pause) 159M->0M(267M) 0.641ms
[4.405s][info][gc,cpu       ] GC(46) User=0.00s Sys=0.00s Real=0.00s
[4.498s][info][gc,start     ] GC(47) Pause Young (G1 Evacuation Pause)
[4.498s][info][gc,task      ] GC(47) Using 4 workers of 4 for evacuation
[4.498s][info][gc,phases    ] GC(47)   Pre Evacuate Collection Set: 0.0ms
[4.498s][info][gc,phases    ] GC(47)   Evacuate Collection Set: 0.3ms
[4.498s][info][gc,phases    ] GC(47)   Post Evacuate Collection Set: 0.2ms
[4.498s][info][gc,phases    ] GC(47)   Other: 0.2ms
[4.498s][info][gc,heap      ] GC(47) Eden regions: 159->0(159)
[4.498s][info][gc,heap      ] GC(47) Survivor regions: 1->1(20)
[4.498s][info][gc,heap      ] GC(47) Old regions: 1->1
[4.498s][info][gc,heap      ] GC(47) Humongous regions: 0->0
[4.498s][info][gc,metaspace ] GC(47) Metaspace: 4540K->4540K(1056768K)
[4.498s][info][gc           ] GC(47) Pause Young (G1 Evacuation Pause) 159M->0M(267M) 0.838ms
[4.498s][info][gc,cpu       ] GC(47) User=0.00s Sys=0.00s Real=0.00s
[4.593s][info][gc,start     ] GC(48) Pause Young (G1 Evacuation Pause)
[4.593s][info][gc,task      ] GC(48) Using 4 workers of 4 for evacuation
[4.594s][info][gc,phases    ] GC(48)   Pre Evacuate Collection Set: 0.0ms
[4.594s][info][gc,phases    ] GC(48)   Evacuate Collection Set: 0.3ms
[4.594s][info][gc,phases    ] GC(48)   Post Evacuate Collection Set: 0.1ms
[4.594s][info][gc,phases    ] GC(48)   Other: 0.1ms
[4.594s][info][gc,heap      ] GC(48) Eden regions: 159->0(159)
[4.594s][info][gc,heap      ] GC(48) Survivor regions: 1->1(20)
[4.594s][info][gc,heap      ] GC(48) Old regions: 1->1
[4.594s][info][gc,heap      ] GC(48) Humongous regions: 0->0
[4.594s][info][gc,metaspace ] GC(48) Metaspace: 4540K->4540K(1056768K)
[4.594s][info][gc           ] GC(48) Pause Young (G1 Evacuation Pause) 159M->0M(267M) 0.694ms
[4.594s][info][gc,cpu       ] GC(48) User=0.00s Sys=0.00s Real=0.00s
[4.693s][info][gc,start     ] GC(49) Pause Young (G1 Evacuation Pause)
[4.693s][info][gc,task      ] GC(49) Using 4 workers of 4 for evacuation
[4.694s][info][gc,phases    ] GC(49)   Pre Evacuate Collection Set: 0.0ms
[4.694s][info][gc,phases    ] GC(49)   Evacuate Collection Set: 0.3ms
[4.694s][info][gc,phases    ] GC(49)   Post Evacuate Collection Set: 0.1ms
[4.694s][info][gc,phases    ] GC(49)   Other: 0.1ms
[4.694s][info][gc,heap      ] GC(49) Eden regions: 159->0(159)
[4.694s][info][gc,heap      ] GC(49) Survivor regions: 1->1(20)
[4.694s][info][gc,heap      ] GC(49) Old regions: 1->1
[4.694s][info][gc,heap      ] GC(49) Humongous regions: 0->0
[4.694s][info][gc,metaspace ] GC(49) Metaspace: 4540K->4540K(1056768K)
[4.694s][info][gc           ] GC(49) Pause Young (G1 Evacuation Pause) 159M->0M(267M) 0.731ms
[4.694s][info][gc,cpu       ] GC(49) User=0.00s Sys=0.00s Real=0.00s
[4.793s][info][gc,start     ] GC(50) Pause Young (G1 Evacuation Pause)
[4.793s][info][gc,task      ] GC(50) Using 4 workers of 4 for evacuation
[4.793s][info][gc,phases    ] GC(50)   Pre Evacuate Collection Set: 0.0ms
[4.793s][info][gc,phases    ] GC(50)   Evacuate Collection Set: 0.3ms
[4.793s][info][gc,phases    ] GC(50)   Post Evacuate Collection Set: 0.1ms
[4.793s][info][gc,phases    ] GC(50)   Other: 0.1ms
[4.793s][info][gc,heap      ] GC(50) Eden regions: 159->0(159)
[4.793s][info][gc,heap      ] GC(50) Survivor regions: 1->1(20)
[4.793s][info][gc,heap      ] GC(50) Old regions: 1->1
[4.793s][info][gc,heap      ] GC(50) Humongous regions: 0->0
[4.793s][info][gc,metaspace ] GC(50) Metaspace: 4540K->4540K(1056768K)
[4.793s][info][gc           ] GC(50) Pause Young (G1 Evacuation Pause) 159M->0M(267M) 0.657ms
[4.793s][info][gc,cpu       ] GC(50) User=0.00s Sys=0.00s Real=0.00s
[4.889s][info][gc,start     ] GC(51) Pause Young (G1 Evacuation Pause)
[4.889s][info][gc,task      ] GC(51) Using 4 workers of 4 for evacuation
[4.889s][info][gc,phases    ] GC(51)   Pre Evacuate Collection Set: 0.0ms
[4.889s][info][gc,phases    ] GC(51)   Evacuate Collection Set: 0.3ms
[4.890s][info][gc,phases    ] GC(51)   Post Evacuate Collection Set: 0.1ms
[4.890s][info][gc,phases    ] GC(51)   Other: 0.1ms
[4.890s][info][gc,heap      ] GC(51) Eden regions: 159->0(159)
[4.890s][info][gc,heap      ] GC(51) Survivor regions: 1->1(20)
[4.890s][info][gc,heap      ] GC(51) Old regions: 1->1
[4.890s][info][gc,heap      ] GC(51) Humongous regions: 0->0
[4.890s][info][gc,metaspace ] GC(51) Metaspace: 4540K->4540K(1056768K)
[4.890s][info][gc           ] GC(51) Pause Young (G1 Evacuation Pause) 159M->0M(267M) 0.666ms
[4.890s][info][gc,cpu       ] GC(51) User=0.00s Sys=0.00s Real=0.00s
[4.985s][info][gc,start     ] GC(52) Pause Young (G1 Evacuation Pause)
[4.985s][info][gc,task      ] GC(52) Using 4 workers of 4 for evacuation
[4.986s][info][gc,phases    ] GC(52)   Pre Evacuate Collection Set: 0.0ms
[4.986s][info][gc,phases    ] GC(52)   Evacuate Collection Set: 0.3ms
[4.986s][info][gc,phases    ] GC(52)   Post Evacuate Collection Set: 0.1ms
[4.986s][info][gc,phases    ] GC(52)   Other: 0.2ms
[4.986s][info][gc,heap      ] GC(52) Eden regions: 159->0(159)
[4.986s][info][gc,heap      ] GC(52) Survivor regions: 1->1(20)
[4.986s][info][gc,heap      ] GC(52) Old regions: 1->1
[4.986s][info][gc,heap      ] GC(52) Humongous regions: 0->0
[4.986s][info][gc,metaspace ] GC(52) Metaspace: 4540K->4540K(1056768K)
[4.986s][info][gc           ] GC(52) Pause Young (G1 Evacuation Pause) 159M->0M(267M) 0.712ms
[4.986s][info][gc,cpu       ] GC(52) User=0.02s Sys=0.00s Real=0.00s
[5.080s][info][gc,start     ] GC(53) Pause Young (G1 Evacuation Pause)
[5.080s][info][gc,task      ] GC(53) Using 4 workers of 4 for evacuation
[5.081s][info][gc,phases    ] GC(53)   Pre Evacuate Collection Set: 0.0ms
[5.081s][info][gc,phases    ] GC(53)   Evacuate Collection Set: 0.4ms
[5.081s][info][gc,phases    ] GC(53)   Post Evacuate Collection Set: 0.1ms
[5.081s][info][gc,phases    ] GC(53)   Other: 0.1ms
[5.081s][info][gc,heap      ] GC(53) Eden regions: 159->0(159)
[5.081s][info][gc,heap      ] GC(53) Survivor regions: 1->1(20)
[5.081s][info][gc,heap      ] GC(53) Old regions: 1->1
[5.081s][info][gc,heap      ] GC(53) Humongous regions: 0->0
[5.081s][info][gc,metaspace ] GC(53) Metaspace: 4540K->4540K(1056768K)
[5.081s][info][gc           ] GC(53) Pause Young (G1 Evacuation Pause) 159M->0M(267M) 0.757ms
[5.081s][info][gc,cpu       ] GC(53) User=0.00s Sys=0.00s Real=0.00s
[5.176s][info][gc,start     ] GC(54) Pause Young (G1 Evacuation Pause)
[5.176s][info][gc,task      ] GC(54) Using 4 workers of 4 for evacuation
[5.177s][info][gc,phases    ] GC(54)   Pre Evacuate Collection Set: 0.0ms
[5.177s][info][gc,phases    ] GC(54)   Evacuate Collection Set: 1.1ms
[5.177s][info][gc,phases    ] GC(54)   Post Evacuate Collection Set: 0.1ms
[5.177s][info][gc,phases    ] GC(54)   Other: 0.2ms
[5.177s][info][gc,heap      ] GC(54) Eden regions: 159->0(159)
[5.177s][info][gc,heap      ] GC(54) Survivor regions: 1->1(20)
[5.177s][info][gc,heap      ] GC(54) Old regions: 1->1
[5.177s][info][gc,heap      ] GC(54) Humongous regions: 0->0
[5.177s][info][gc,metaspace ] GC(54) Metaspace: 4540K->4540K(1056768K)
[5.177s][info][gc           ] GC(54) Pause Young (G1 Evacuation Pause) 159M->1M(267M) 1.551ms
[5.177s][info][gc,cpu       ] GC(54) User=0.00s Sys=0.00s Real=0.00s
[5.276s][info][gc,start     ] GC(55) Pause Young (G1 Evacuation Pause)
[5.276s][info][gc,task      ] GC(55) Using 4 workers of 4 for evacuation
[5.277s][info][gc,phases    ] GC(55)   Pre Evacuate Collection Set: 0.0ms
[5.277s][info][gc,phases    ] GC(55)   Evacuate Collection Set: 0.3ms
[5.277s][info][gc,phases    ] GC(55)   Post Evacuate Collection Set: 0.1ms
[5.277s][info][gc,phases    ] GC(55)   Other: 0.1ms
[5.277s][info][gc,heap      ] GC(55) Eden regions: 159->0(159)
[5.277s][info][gc,heap      ] GC(55) Survivor regions: 1->1(20)
[5.277s][info][gc,heap      ] GC(55) Old regions: 1->1
[5.277s][info][gc,heap      ] GC(55) Humongous regions: 0->0
[5.277s][info][gc,metaspace ] GC(55) Metaspace: 4540K->4540K(1056768K)
[5.277s][info][gc           ] GC(55) Pause Young (G1 Evacuation Pause) 160M->0M(267M) 0.657ms
[5.277s][info][gc,cpu       ] GC(55) User=0.00s Sys=0.00s Real=0.00s
[5.372s][info][gc,start     ] GC(56) Pause Young (G1 Evacuation Pause)
[5.372s][info][gc,task      ] GC(56) Using 4 workers of 4 for evacuation
[5.373s][info][gc,phases    ] GC(56)   Pre Evacuate Collection Set: 0.0ms
[5.373s][info][gc,phases    ] GC(56)   Evacuate Collection Set: 0.3ms
[5.373s][info][gc,phases    ] GC(56)   Post Evacuate Collection Set: 0.1ms
[5.373s][info][gc,phases    ] GC(56)   Other: 0.1ms
[5.373s][info][gc,heap      ] GC(56) Eden regions: 159->0(159)
[5.373s][info][gc,heap      ] GC(56) Survivor regions: 1->1(20)
[5.373s][info][gc,heap      ] GC(56) Old regions: 1->1
[5.373s][info][gc,heap      ] GC(56) Humongous regions: 0->0
[5.373s][info][gc,metaspace ] GC(56) Metaspace: 4540K->4540K(1056768K)
[5.373s][info][gc           ] GC(56) Pause Young (G1 Evacuation Pause) 159M->0M(267M) 0.670ms
[5.373s][info][gc,cpu       ] GC(56) User=0.00s Sys=0.00s Real=0.00s
[5.468s][info][gc,start     ] GC(57) Pause Young (G1 Evacuation Pause)
[5.468s][info][gc,task      ] GC(57) Using 4 workers of 4 for evacuation
[5.469s][info][gc,phases    ] GC(57)   Pre Evacuate Collection Set: 0.0ms
[5.469s][info][gc,phases    ] GC(57)   Evacuate Collection Set: 0.3ms
[5.469s][info][gc,phases    ] GC(57)   Post Evacuate Collection Set: 0.1ms
[5.469s][info][gc,phases    ] GC(57)   Other: 0.1ms
[5.469s][info][gc,heap      ] GC(57) Eden regions: 159->0(159)
[5.469s][info][gc,heap      ] GC(57) Survivor regions: 1->1(20)
[5.469s][info][gc,heap      ] GC(57) Old regions: 1->1
[5.469s][info][gc,heap      ] GC(57) Humongous regions: 0->0
[5.469s][info][gc,metaspace ] GC(57) Metaspace: 4540K->4540K(1056768K)
[5.469s][info][gc           ] GC(57) Pause Young (G1 Evacuation Pause) 159M->0M(267M) 0.690ms
[5.469s][info][gc,cpu       ] GC(57) User=0.00s Sys=0.00s Real=0.00s
[5.566s][info][gc,start     ] GC(58) Pause Young (G1 Evacuation Pause)
[5.566s][info][gc,task      ] GC(58) Using 4 workers of 4 for evacuation
[5.567s][info][gc,phases    ] GC(58)   Pre Evacuate Collection Set: 0.0ms
[5.567s][info][gc,phases    ] GC(58)   Evacuate Collection Set: 0.3ms
[5.567s][info][gc,phases    ] GC(58)   Post Evacuate Collection Set: 0.1ms
[5.567s][info][gc,phases    ] GC(58)   Other: 0.2ms
[5.567s][info][gc,heap      ] GC(58) Eden regions: 159->0(159)
[5.567s][info][gc,heap      ] GC(58) Survivor regions: 1->1(20)
[5.567s][info][gc,heap      ] GC(58) Old regions: 1->1
[5.567s][info][gc,heap      ] GC(58) Humongous regions: 0->0
[5.567s][info][gc,metaspace ] GC(58) Metaspace: 4540K->4540K(1056768K)
[5.567s][info][gc           ] GC(58) Pause Young (G1 Evacuation Pause) 159M->0M(267M) 0.785ms
[5.567s][info][gc,cpu       ] GC(58) User=0.00s Sys=0.00s Real=0.00s
[5.660s][info][gc,start     ] GC(59) Pause Young (G1 Evacuation Pause)
[5.660s][info][gc,task      ] GC(59) Using 4 workers of 4 for evacuation
[5.661s][info][gc,phases    ] GC(59)   Pre Evacuate Collection Set: 0.0ms
[5.661s][info][gc,phases    ] GC(59)   Evacuate Collection Set: 0.3ms
[5.661s][info][gc,phases    ] GC(59)   Post Evacuate Collection Set: 0.1ms
[5.661s][info][gc,phases    ] GC(59)   Other: 0.1ms
[5.661s][info][gc,heap      ] GC(59) Eden regions: 159->0(159)
[5.661s][info][gc,heap      ] GC(59) Survivor regions: 1->1(20)
[5.661s][info][gc,heap      ] GC(59) Old regions: 1->1
[5.661s][info][gc,heap      ] GC(59) Humongous regions: 0->0
[5.661s][info][gc,metaspace ] GC(59) Metaspace: 4540K->4540K(1056768K)
[5.661s][info][gc           ] GC(59) Pause Young (G1 Evacuation Pause) 159M->0M(267M) 0.666ms
[5.661s][info][gc,cpu       ] GC(59) User=0.00s Sys=0.00s Real=0.00s
[5.754s][info][gc,start     ] GC(60) Pause Young (G1 Evacuation Pause)
[5.755s][info][gc,task      ] GC(60) Using 4 workers of 4 for evacuation
[5.755s][info][gc,phases    ] GC(60)   Pre Evacuate Collection Set: 0.0ms
[5.755s][info][gc,phases    ] GC(60)   Evacuate Collection Set: 0.3ms
[5.755s][info][gc,phases    ] GC(60)   Post Evacuate Collection Set: 0.1ms
[5.755s][info][gc,phases    ] GC(60)   Other: 0.1ms
[5.755s][info][gc,heap      ] GC(60) Eden regions: 159->0(159)
[5.755s][info][gc,heap      ] GC(60) Survivor regions: 1->1(20)
[5.755s][info][gc,heap      ] GC(60) Old regions: 1->1
[5.755s][info][gc,heap      ] GC(60) Humongous regions: 0->0
[5.755s][info][gc,metaspace ] GC(60) Metaspace: 4540K->4540K(1056768K)
[5.755s][info][gc           ] GC(60) Pause Young (G1 Evacuation Pause) 159M->0M(267M) 0.663ms
[5.755s][info][gc,cpu       ] GC(60) User=0.00s Sys=0.00s Real=0.00s
[5.852s][info][gc,start     ] GC(61) Pause Young (G1 Evacuation Pause)
[5.852s][info][gc,task      ] GC(61) Using 4 workers of 4 for evacuation
[5.853s][info][gc,phases    ] GC(61)   Pre Evacuate Collection Set: 0.0ms
[5.853s][info][gc,phases    ] GC(61)   Evacuate Collection Set: 0.5ms
[5.853s][info][gc,phases    ] GC(61)   Post Evacuate Collection Set: 0.1ms
[5.853s][info][gc,phases    ] GC(61)   Other: 0.1ms
[5.853s][info][gc,heap      ] GC(61) Eden regions: 159->0(159)
[5.853s][info][gc,heap      ] GC(61) Survivor regions: 1->1(20)
[5.853s][info][gc,heap      ] GC(61) Old regions: 1->1
[5.853s][info][gc,heap      ] GC(61) Humongous regions: 0->0
[5.853s][info][gc,metaspace ] GC(61) Metaspace: 4540K->4540K(1056768K)
[5.853s][info][gc           ] GC(61) Pause Young (G1 Evacuation Pause) 159M->1M(267M) 0.915ms
[5.853s][info][gc,cpu       ] GC(61) User=0.00s Sys=0.00s Real=0.00s
[5.948s][info][gc,start     ] GC(62) Pause Young (G1 Evacuation Pause)
[5.948s][info][gc,task      ] GC(62) Using 4 workers of 4 for evacuation
[5.949s][info][gc,phases    ] GC(62)   Pre Evacuate Collection Set: 0.0ms
[5.950s][info][gc,phases    ] GC(62)   Evacuate Collection Set: 0.7ms
[5.950s][info][gc,phases    ] GC(62)   Post Evacuate Collection Set: 0.2ms
[5.950s][info][gc,phases    ] GC(62)   Other: 0.2ms
[5.950s][info][gc,heap      ] GC(62) Eden regions: 159->0(159)
[5.950s][info][gc,heap      ] GC(62) Survivor regions: 1->1(20)
[5.950s][info][gc,heap      ] GC(62) Old regions: 1->1
[5.950s][info][gc,heap      ] GC(62) Humongous regions: 0->0
[5.950s][info][gc,metaspace ] GC(62) Metaspace: 4540K->4540K(1056768K)
[5.950s][info][gc           ] GC(62) Pause Young (G1 Evacuation Pause) 160M->0M(267M) 1.277ms
[5.950s][info][gc,cpu       ] GC(62) User=0.00s Sys=0.00s Real=0.00s
[6.044s][info][gc,start     ] GC(63) Pause Young (G1 Evacuation Pause)
[6.044s][info][gc,task      ] GC(63) Using 4 workers of 4 for evacuation
[6.045s][info][gc,phases    ] GC(63)   Pre Evacuate Collection Set: 0.0ms
[6.045s][info][gc,phases    ] GC(63)   Evacuate Collection Set: 0.2ms
[6.045s][info][gc,phases    ] GC(63)   Post Evacuate Collection Set: 0.1ms
[6.045s][info][gc,phases    ] GC(63)   Other: 0.1ms
[6.045s][info][gc,heap      ] GC(63) Eden regions: 159->0(159)
[6.045s][info][gc,heap      ] GC(63) Survivor regions: 1->1(20)
[6.045s][info][gc,heap      ] GC(63) Old regions: 1->1
[6.045s][info][gc,heap      ] GC(63) Humongous regions: 0->0
[6.045s][info][gc,metaspace ] GC(63) Metaspace: 4540K->4540K(1056768K)
[6.045s][info][gc           ] GC(63) Pause Young (G1 Evacuation Pause) 159M->0M(267M) 0.636ms
[6.045s][info][gc,cpu       ] GC(63) User=0.00s Sys=0.00s Real=0.00s
